[ ]{5}0\.0{3} execve\("\.\./sleep", \["\.\./sleep", "1"\], 0x[[:xdigit:]]* /\* [[:digit:]]* vars \*/\) = 0
[ ]{5}[01]\.[[:digit:]]{3} \+\+\+ exited with 0 \+\+\+
