[ ]{5}0\.0{9} execve\("\.\./sleep", \["\.\./sleep", "1"\], 0x[[:xdigit:]]* /\* [[:digit:]]* vars \*/\) = 0
[ ]{5}[01]\.[[:digit:]]{9} \+\+\+ exited with 0 \+\+\+
